{
	"status": "error",
	"version": 3,
	"message": "FAIL\tgigasecond [build failed]\n# gigasecond [gigasecond.test]\n./broken.go: undefined: unknownVar\n./broken.go: undefined: UnknownFunction\n'PATH_PLACEHOLDER test --short --json .' returned exit code 1: exit status 1",
	"tests": null
}